src/components/project-members-dialog.tsx(89,11): error TS18046: 'endpoint' is of type 'unknown'.
../server/debug.ts(12,27): error TS18047: 'db' is possibly 'null'.
../server/debug.ts(19,34): error TS18047: 'db' is possibly 'null'.
../server/debug.ts(25,31): error TS18047: 'db' is possibly 'null'.
../server/debug.ts(32,35): error TS18047: 'db' is possibly 'null'.
../server/debug.ts(39,31): error TS18047: 'db' is possibly 'null'.
../server/debug.ts(43,29): error TS18047: 'db' is possibly 'null'.
../server/debug_db.ts(9,35): error TS18047: 'db' is possibly 'null'.
../server/debug_db.ts(17,40): error TS18047: 'db' is possibly 'null'.
../server/migrations.ts(13,31): error TS18047: 'db' is possibly 'null'.
../server/migrations.ts(23,40): error TS18047: 'db' is possibly 'null'.
../server/seed.ts(23,11): error TS18047: 'db' is possibly 'null'.
../server/storage.ts(901,11): error TS18047: 'db' is possibly 'null'.
../server/storage.ts(909,34): error TS18047: 'db' is possibly 'null'.
../server/storage.ts(917,18): error TS18047: 'db' is possibly 'null'.
../server/storage.ts(925,38): error TS18047: 'db' is possibly 'null'.
../server/storage.ts(934,31): error TS18047: 'db' is possibly 'null'.
