
> rest-express@1.0.0 build
> tsx script/build.ts

building client...
[36mvite v7.3.0 [32mbuilding client environment for production...[36m[39m
transforming...
[32mΓ£ô[39m 2930 modules transformed.
