[dotenv@17.3.1] injecting env (17) from .env -- tip: ΓÜÖ∩╕Å  override existing env vars with { override: true }
